<!doctype html public "-//w3c//dtd html 4.0 transitional//en">
<html><head>
<title>Static Call Graph - [.\Objects\Lab5.axf]</title></head>
<body><HR>
<H1>Static Call Graph for image .\Objects\Lab5.axf</H1><HR>
<BR><P>#&#060CALLGRAPH&#062# ARM Linker, 6160001: Last Updated: Mon May  2 19:24:11 2022
<BR><P>
<H3>Maximum Stack Usage =        220 bytes + Unknown(Functions without stacksize, Cycles, Untraceable Function Pointers)</H3><H3>
Call chain for Maximum Stack Depth:</H3>
main &rArr; DrawInstrumentMenu &rArr; ST7735_DrawCharS &rArr; ST7735_FillRect &rArr; setAddrWindow &rArr; writedata
<P>
<H3>
Functions with no stack information
</H3><UL>
 <LI><a href="#[0]">Reset_Handler</a>
 <LI><a href="#[9f]">DisableInterrupts</a>
 <LI><a href="#[a1]">EnableInterrupts</a>
 <LI><a href="#[aa]">StartCritical</a>
 <LI><a href="#[ab]">EndCritical</a>
 <LI><a href="#[a2]">WaitForInterrupt</a>
 <LI><a href="#[1]">NMI_Handler</a>
</UL>
</UL>
<P>
<H3>
Mutually Recursive functions
</H3> <LI><a href="#[2]">HardFault_Handler</a>&nbsp;&nbsp;&nbsp;&rArr;&nbsp;&nbsp;&nbsp;<a href="#[2]">HardFault_Handler</a><BR>
 <LI><a href="#[3]">MemManage_Handler</a>&nbsp;&nbsp;&nbsp;&rArr;&nbsp;&nbsp;&nbsp;<a href="#[3]">MemManage_Handler</a><BR>
 <LI><a href="#[4]">BusFault_Handler</a>&nbsp;&nbsp;&nbsp;&rArr;&nbsp;&nbsp;&nbsp;<a href="#[4]">BusFault_Handler</a><BR>
 <LI><a href="#[5]">UsageFault_Handler</a>&nbsp;&nbsp;&nbsp;&rArr;&nbsp;&nbsp;&nbsp;<a href="#[5]">UsageFault_Handler</a><BR>
 <LI><a href="#[6]">SVC_Handler</a>&nbsp;&nbsp;&nbsp;&rArr;&nbsp;&nbsp;&nbsp;<a href="#[6]">SVC_Handler</a><BR>
 <LI><a href="#[7]">DebugMon_Handler</a>&nbsp;&nbsp;&nbsp;&rArr;&nbsp;&nbsp;&nbsp;<a href="#[7]">DebugMon_Handler</a><BR>
 <LI><a href="#[8]">PendSV_Handler</a>&nbsp;&nbsp;&nbsp;&rArr;&nbsp;&nbsp;&nbsp;<a href="#[8]">PendSV_Handler</a><BR>
 <LI><a href="#[9]">SysTick_Handler</a>&nbsp;&nbsp;&nbsp;&rArr;&nbsp;&nbsp;&nbsp;<a href="#[9]">SysTick_Handler</a><BR>
 <LI><a href="#[18]">ADC0Seq0_Handler</a>&nbsp;&nbsp;&nbsp;&rArr;&nbsp;&nbsp;&nbsp;<a href="#[18]">ADC0Seq0_Handler</a><BR>
 <LI><a href="#[1]">NMI_Handler</a>&nbsp;&nbsp;&nbsp;&rArr;&nbsp;&nbsp;&nbsp;<a href="#[1]">NMI_Handler</a><BR>
</UL>
<P>
<H3>
Function Pointers
</H3><UL>
 <LI><a href="#[18]">ADC0Seq0_Handler</a> from startup.o(RESET) referenced from startup.o(RESET)
 <LI><a href="#[19]">ADC0Seq1_Handler</a> from startup.o(RESET) referenced from startup.o(RESET)
 <LI><a href="#[1a]">ADC0Seq2_Handler</a> from startup.o(RESET) referenced from startup.o(RESET)
 <LI><a href="#[1b]">ADC0Seq3_Handler</a> from startup.o(RESET) referenced from startup.o(RESET)
 <LI><a href="#[38]">ADC1Seq0_Handler</a> from startup.o(RESET) referenced from startup.o(RESET)
 <LI><a href="#[39]">ADC1Seq1_Handler</a> from startup.o(RESET) referenced from startup.o(RESET)
 <LI><a href="#[3a]">ADC1Seq2_Handler</a> from startup.o(RESET) referenced from startup.o(RESET)
 <LI><a href="#[3b]">ADC1Seq3_Handler</a> from startup.o(RESET) referenced from startup.o(RESET)
 <LI><a href="#[4]">BusFault_Handler</a> from startup.o(RESET) referenced from startup.o(RESET)
 <LI><a href="#[31]">CAN0_Handler</a> from startup.o(RESET) referenced from startup.o(RESET)
 <LI><a href="#[32]">CAN1_Handler</a> from startup.o(RESET) referenced from startup.o(RESET)
 <LI><a href="#[23]">Comp0_Handler</a> from startup.o(RESET) referenced from startup.o(RESET)
 <LI><a href="#[24]">Comp1_Handler</a> from startup.o(RESET) referenced from startup.o(RESET)
 <LI><a href="#[25]">Comp2_Handler</a> from startup.o(RESET) referenced from startup.o(RESET)
 <LI><a href="#[7]">DebugMon_Handler</a> from startup.o(RESET) referenced from startup.o(RESET)
 <LI><a href="#[58]">FPU_Handler</a> from startup.o(RESET) referenced from startup.o(RESET)
 <LI><a href="#[27]">FlashCtl_Handler</a> from startup.o(RESET) referenced from startup.o(RESET)
 <LI><a href="#[a]">GPIOPortA_Handler</a> from startup.o(RESET) referenced from startup.o(RESET)
 <LI><a href="#[b]">GPIOPortB_Handler</a> from buttons.o(.text.GPIOPortB_Handler) referenced from startup.o(RESET)
 <LI><a href="#[c]">GPIOPortC_Handler</a> from buttons.o(.text.GPIOPortC_Handler) referenced from startup.o(RESET)
 <LI><a href="#[d]">GPIOPortD_Handler</a> from startup.o(RESET) referenced from startup.o(RESET)
 <LI><a href="#[e]">GPIOPortE_Handler</a> from startup.o(RESET) referenced from startup.o(RESET)
 <LI><a href="#[28]">GPIOPortF_Handler</a> from startup.o(RESET) referenced from startup.o(RESET)
 <LI><a href="#[29]">GPIOPortG_Handler</a> from startup.o(RESET) referenced from startup.o(RESET)
 <LI><a href="#[2a]">GPIOPortH_Handler</a> from startup.o(RESET) referenced from startup.o(RESET)
 <LI><a href="#[3c]">GPIOPortJ_Handler</a> from startup.o(RESET) referenced from startup.o(RESET)
 <LI><a href="#[3d]">GPIOPortK_Handler</a> from startup.o(RESET) referenced from startup.o(RESET)
 <LI><a href="#[3e]">GPIOPortL_Handler</a> from startup.o(RESET) referenced from startup.o(RESET)
 <LI><a href="#[5b]">GPIOPortM_Handler</a> from startup.o(RESET) referenced from startup.o(RESET)
 <LI><a href="#[5c]">GPIOPortN_Handler</a> from startup.o(RESET) referenced from startup.o(RESET)
 <LI><a href="#[5f]">GPIOPortP1_Handler</a> from startup.o(RESET) referenced from startup.o(RESET)
 <LI><a href="#[60]">GPIOPortP2_Handler</a> from startup.o(RESET) referenced from startup.o(RESET)
 <LI><a href="#[61]">GPIOPortP3_Handler</a> from startup.o(RESET) referenced from startup.o(RESET)
 <LI><a href="#[62]">GPIOPortP4_Handler</a> from startup.o(RESET) referenced from startup.o(RESET)
 <LI><a href="#[63]">GPIOPortP5_Handler</a> from startup.o(RESET) referenced from startup.o(RESET)
 <LI><a href="#[64]">GPIOPortP6_Handler</a> from startup.o(RESET) referenced from startup.o(RESET)
 <LI><a href="#[65]">GPIOPortP7_Handler</a> from startup.o(RESET) referenced from startup.o(RESET)
 <LI><a href="#[5e]">GPIOPortP_Handler</a> from startup.o(RESET) referenced from startup.o(RESET)
 <LI><a href="#[67]">GPIOPortQ1_Handler</a> from startup.o(RESET) referenced from startup.o(RESET)
 <LI><a href="#[68]">GPIOPortQ2_Handler</a> from startup.o(RESET) referenced from startup.o(RESET)
 <LI><a href="#[69]">GPIOPortQ3_Handler</a> from startup.o(RESET) referenced from startup.o(RESET)
 <LI><a href="#[6a]">GPIOPortQ4_Handler</a> from startup.o(RESET) referenced from startup.o(RESET)
 <LI><a href="#[6b]">GPIOPortQ5_Handler</a> from startup.o(RESET) referenced from startup.o(RESET)
 <LI><a href="#[6c]">GPIOPortQ6_Handler</a> from startup.o(RESET) referenced from startup.o(RESET)
 <LI><a href="#[6d]">GPIOPortQ7_Handler</a> from startup.o(RESET) referenced from startup.o(RESET)
 <LI><a href="#[66]">GPIOPortQ_Handler</a> from startup.o(RESET) referenced from startup.o(RESET)
 <LI><a href="#[6e]">GPIOPortR_Handler</a> from startup.o(RESET) referenced from startup.o(RESET)
 <LI><a href="#[6f]">GPIOPortS_Handler</a> from startup.o(RESET) referenced from startup.o(RESET)
 <LI><a href="#[2]">HardFault_Handler</a> from startup.o(RESET) referenced from startup.o(RESET)
 <LI><a href="#[33]">Hibernate_Handler</a> from startup.o(RESET) referenced from startup.o(RESET)
 <LI><a href="#[12]">I2C0_Handler</a> from startup.o(RESET) referenced from startup.o(RESET)
 <LI><a href="#[2f]">I2C1_Handler</a> from startup.o(RESET) referenced from startup.o(RESET)
 <LI><a href="#[46]">I2C2_Handler</a> from startup.o(RESET) referenced from startup.o(RESET)
 <LI><a href="#[47]">I2C3_Handler</a> from startup.o(RESET) referenced from startup.o(RESET)
 <LI><a href="#[59]">I2C4_Handler</a> from startup.o(RESET) referenced from startup.o(RESET)
 <LI><a href="#[5a]">I2C5_Handler</a> from startup.o(RESET) referenced from startup.o(RESET)
 <LI><a href="#[78]">KeypadScan1</a> from buttons.o(.text.KeypadScan1) referenced 2 times from buttons.o(.text.keypadDebouncer)
 <LI><a href="#[79]">KeypadScan2</a> from buttons.o(.text.KeypadScan2) referenced 2 times from buttons.o(.text.keypadDebouncer)
 <LI><a href="#[3]">MemManage_Handler</a> from startup.o(RESET) referenced from startup.o(RESET)
 <LI><a href="#[1]">NMI_Handler</a> from startup.o(RESET) referenced from startup.o(RESET)
 <LI><a href="#[13]">PWM0Fault_Handler</a> from startup.o(RESET) referenced from startup.o(RESET)
 <LI><a href="#[14]">PWM0Generator0_Handler</a> from startup.o(RESET) referenced from startup.o(RESET)
 <LI><a href="#[15]">PWM0Generator1_Handler</a> from startup.o(RESET) referenced from startup.o(RESET)
 <LI><a href="#[16]">PWM0Generator2_Handler</a> from startup.o(RESET) referenced from startup.o(RESET)
 <LI><a href="#[35]">PWM0Generator3_Handler</a> from startup.o(RESET) referenced from startup.o(RESET)
 <LI><a href="#[74]">PWM1Fault_Handler</a> from startup.o(RESET) referenced from startup.o(RESET)
 <LI><a href="#[70]">PWM1Generator0_Handler</a> from startup.o(RESET) referenced from startup.o(RESET)
 <LI><a href="#[71]">PWM1Generator1_Handler</a> from startup.o(RESET) referenced from startup.o(RESET)
 <LI><a href="#[72]">PWM1Generator2_Handler</a> from startup.o(RESET) referenced from startup.o(RESET)
 <LI><a href="#[73]">PWM1Generator3_Handler</a> from startup.o(RESET) referenced from startup.o(RESET)
 <LI><a href="#[8]">PendSV_Handler</a> from startup.o(RESET) referenced from startup.o(RESET)
 <LI><a href="#[17]">Quadrature0_Handler</a> from startup.o(RESET) referenced from startup.o(RESET)
 <LI><a href="#[30]">Quadrature1_Handler</a> from startup.o(RESET) referenced from startup.o(RESET)
 <LI><a href="#[5d]">Quadrature2_Handler</a> from startup.o(RESET) referenced from startup.o(RESET)
 <LI><a href="#[0]">Reset_Handler</a> from startup.o(RESET) referenced from startup.o(RESET)
 <LI><a href="#[11]">SSI0_Handler</a> from startup.o(RESET) referenced from startup.o(RESET)
 <LI><a href="#[2c]">SSI1_Handler</a> from startup.o(RESET) referenced from startup.o(RESET)
 <LI><a href="#[3f]">SSI2_Handler</a> from startup.o(RESET) referenced from startup.o(RESET)
 <LI><a href="#[40]">SSI3_Handler</a> from startup.o(RESET) referenced from startup.o(RESET)
 <LI><a href="#[6]">SVC_Handler</a> from startup.o(RESET) referenced from startup.o(RESET)
 <LI><a href="#[26]">SysCtl_Handler</a> from startup.o(RESET) referenced from startup.o(RESET)
 <LI><a href="#[9]">SysTick_Handler</a> from startup.o(RESET) referenced from startup.o(RESET)
 <LI><a href="#[1d]">Timer0A_Handler</a> from timer0a.o(.text.Timer0A_Handler) referenced from startup.o(RESET)
 <LI><a href="#[1e]">Timer0B_Handler</a> from startup.o(RESET) referenced from startup.o(RESET)
 <LI><a href="#[1f]">Timer1A_Handler</a> from timer1a.o(.text.Timer1A_Handler) referenced from startup.o(RESET)
 <LI><a href="#[20]">Timer1B_Handler</a> from startup.o(RESET) referenced from startup.o(RESET)
 <LI><a href="#[21]">Timer2A_Handler</a> from timer2a.o(.text.Timer2A_Handler) referenced from startup.o(RESET)
 <LI><a href="#[22]">Timer2B_Handler</a> from startup.o(RESET) referenced from startup.o(RESET)
 <LI><a href="#[2d]">Timer3A_Handler</a> from timer3a.o(.text.Timer3A_Handler) referenced from startup.o(RESET)
 <LI><a href="#[2e]">Timer3B_Handler</a> from startup.o(RESET) referenced from startup.o(RESET)
 <LI><a href="#[48]">Timer4A_Handler</a> from timer4a.o(.text.Timer4A_Handler) referenced from startup.o(RESET)
 <LI><a href="#[49]">Timer4B_Handler</a> from startup.o(RESET) referenced from startup.o(RESET)
 <LI><a href="#[4a]">Timer5A_Handler</a> from dmatimer.o(.text.Timer5A_Handler) referenced from startup.o(RESET)
 <LI><a href="#[4b]">Timer5B_Handler</a> from startup.o(RESET) referenced from startup.o(RESET)
 <LI><a href="#[f]">UART0_Handler</a> from startup.o(RESET) referenced from startup.o(RESET)
 <LI><a href="#[10]">UART1_Handler</a> from startup.o(RESET) referenced from startup.o(RESET)
 <LI><a href="#[2b]">UART2_Handler</a> from startup.o(RESET) referenced from startup.o(RESET)
 <LI><a href="#[41]">UART3_Handler</a> from startup.o(RESET) referenced from startup.o(RESET)
 <LI><a href="#[42]">UART4_Handler</a> from startup.o(RESET) referenced from startup.o(RESET)
 <LI><a href="#[43]">UART5_Handler</a> from startup.o(RESET) referenced from startup.o(RESET)
 <LI><a href="#[44]">UART6_Handler</a> from startup.o(RESET) referenced from startup.o(RESET)
 <LI><a href="#[45]">UART7_Handler</a> from startup.o(RESET) referenced from startup.o(RESET)
 <LI><a href="#[34]">USB0_Handler</a> from startup.o(RESET) referenced from startup.o(RESET)
 <LI><a href="#[5]">UsageFault_Handler</a> from startup.o(RESET) referenced from startup.o(RESET)
 <LI><a href="#[1c]">WDT_Handler</a> from startup.o(RESET) referenced from startup.o(RESET)
 <LI><a href="#[4c]">WideTimer0A_Handler</a> from startup.o(RESET) referenced from startup.o(RESET)
 <LI><a href="#[4d]">WideTimer0B_Handler</a> from startup.o(RESET) referenced from startup.o(RESET)
 <LI><a href="#[4e]">WideTimer1A_Handler</a> from startup.o(RESET) referenced from startup.o(RESET)
 <LI><a href="#[4f]">WideTimer1B_Handler</a> from startup.o(RESET) referenced from startup.o(RESET)
 <LI><a href="#[50]">WideTimer2A_Handler</a> from startup.o(RESET) referenced from startup.o(RESET)
 <LI><a href="#[51]">WideTimer2B_Handler</a> from startup.o(RESET) referenced from startup.o(RESET)
 <LI><a href="#[52]">WideTimer3A_Handler</a> from startup.o(RESET) referenced from startup.o(RESET)
 <LI><a href="#[53]">WideTimer3B_Handler</a> from startup.o(RESET) referenced from startup.o(RESET)
 <LI><a href="#[54]">WideTimer4A_Handler</a> from startup.o(RESET) referenced from startup.o(RESET)
 <LI><a href="#[55]">WideTimer4B_Handler</a> from startup.o(RESET) referenced from startup.o(RESET)
 <LI><a href="#[56]">WideTimer5A_Handler</a> from startup.o(RESET) referenced from startup.o(RESET)
 <LI><a href="#[57]">WideTimer5B_Handler</a> from startup.o(RESET) referenced from startup.o(RESET)
 <LI><a href="#[76]">keypadDebouncer</a> from buttons.o(.text.keypadDebouncer) referenced 2 times from buttons.o(.text.GPIOPortB_Handler)
 <LI><a href="#[76]">keypadDebouncer</a> from buttons.o(.text.keypadDebouncer) referenced 2 times from buttons.o(.text.KeypadScan1)
 <LI><a href="#[75]">main</a> from musicgloves.o(.text.main) referenced from entry9a.o(.ARM.Collect$$$$0000000B)
 <LI><a href="#[77]">switch_debouncer</a> from buttons.o(.text.switch_debouncer) referenced 2 times from buttons.o(.text.GPIOPortC_Handler)
 <LI><a href="#[77]">switch_debouncer</a> from buttons.o(.text.switch_debouncer) referenced 2 times from buttons.o(.text.wait_for_fall)
 <LI><a href="#[37]">uDMA_Error</a> from startup.o(RESET) referenced from startup.o(RESET)
 <LI><a href="#[36]">uDMA_Handler</a> from startup.o(RESET) referenced from startup.o(RESET)
 <LI><a href="#[7a]">wait_for_fall</a> from buttons.o(.text.wait_for_fall) referenced 2 times from buttons.o(.text.switch_debouncer)
</UL>
<P>
<H3>
Global Symbols
</H3>
<P><STRONG><a name="[0]"></a>Reset_Handler</STRONG> (Thumb, 0 bytes, Stack size unknown bytes, startup.o(RESET))
<BR><BR>[Calls]<UL><LI><a href="#[7b]">&gt;&gt;</a>&nbsp;&nbsp;&nbsp;__main
</UL>
<BR>[Address Reference Count : 1]<UL><LI> startup.o(RESET)
</UL>
<P><STRONG><a name="[2]"></a>HardFault_Handler</STRONG> (Thumb, 2 bytes, Stack size 0 bytes, startup.o(RESET))
<BR><BR>[Calls]<UL><LI><a href="#[2]">&gt;&gt;</a>&nbsp;&nbsp;&nbsp;HardFault_Handler
</UL>
<BR>[Called By]<UL><LI><a href="#[2]">&gt;&gt;</a>&nbsp;&nbsp;&nbsp;HardFault_Handler
</UL>
<BR>[Address Reference Count : 1]<UL><LI> startup.o(RESET)
</UL>
<P><STRONG><a name="[3]"></a>MemManage_Handler</STRONG> (Thumb, 2 bytes, Stack size 0 bytes, startup.o(RESET))
<BR><BR>[Calls]<UL><LI><a href="#[3]">&gt;&gt;</a>&nbsp;&nbsp;&nbsp;MemManage_Handler
</UL>
<BR>[Called By]<UL><LI><a href="#[3]">&gt;&gt;</a>&nbsp;&nbsp;&nbsp;MemManage_Handler
</UL>
<BR>[Address Reference Count : 1]<UL><LI> startup.o(RESET)
</UL>
<P><STRONG><a name="[4]"></a>BusFault_Handler</STRONG> (Thumb, 2 bytes, Stack size 0 bytes, startup.o(RESET))
<BR><BR>[Calls]<UL><LI><a href="#[4]">&gt;&gt;</a>&nbsp;&nbsp;&nbsp;BusFault_Handler
</UL>
<BR>[Called By]<UL><LI><a href="#[4]">&gt;&gt;</a>&nbsp;&nbsp;&nbsp;BusFault_Handler
</UL>
<BR>[Address Reference Count : 1]<UL><LI> startup.o(RESET)
</UL>
<P><STRONG><a name="[5]"></a>UsageFault_Handler</STRONG> (Thumb, 2 bytes, Stack size 0 bytes, startup.o(RESET))
<BR><BR>[Calls]<UL><LI><a href="#[5]">&gt;&gt;</a>&nbsp;&nbsp;&nbsp;UsageFault_Handler
</UL>
<BR>[Called By]<UL><LI><a href="#[5]">&gt;&gt;</a>&nbsp;&nbsp;&nbsp;UsageFault_Handler
</UL>
<BR>[Address Reference Count : 1]<UL><LI> startup.o(RESET)
</UL>
<P><STRONG><a name="[6]"></a>SVC_Handler</STRONG> (Thumb, 2 bytes, Stack size 0 bytes, startup.o(RESET))
<BR><BR>[Calls]<UL><LI><a href="#[6]">&gt;&gt;</a>&nbsp;&nbsp;&nbsp;SVC_Handler
</UL>
<BR>[Called By]<UL><LI><a href="#[6]">&gt;&gt;</a>&nbsp;&nbsp;&nbsp;SVC_Handler
</UL>
<BR>[Address Reference Count : 1]<UL><LI> startup.o(RESET)
</UL>
<P><STRONG><a name="[7]"></a>DebugMon_Handler</STRONG> (Thumb, 2 bytes, Stack size 0 bytes, startup.o(RESET))
<BR><BR>[Calls]<UL><LI><a href="#[7]">&gt;&gt;</a>&nbsp;&nbsp;&nbsp;DebugMon_Handler
</UL>
<BR>[Called By]<UL><LI><a href="#[7]">&gt;&gt;</a>&nbsp;&nbsp;&nbsp;DebugMon_Handler
</UL>
<BR>[Address Reference Count : 1]<UL><LI> startup.o(RESET)
</UL>
<P><STRONG><a name="[8]"></a>PendSV_Handler</STRONG> (Thumb, 2 bytes, Stack size 0 bytes, startup.o(RESET))
<BR><BR>[Calls]<UL><LI><a href="#[8]">&gt;&gt;</a>&nbsp;&nbsp;&nbsp;PendSV_Handler
</UL>
<BR>[Called By]<UL><LI><a href="#[8]">&gt;&gt;</a>&nbsp;&nbsp;&nbsp;PendSV_Handler
</UL>
<BR>[Address Reference Count : 1]<UL><LI> startup.o(RESET)
</UL>
<P><STRONG><a name="[9]"></a>SysTick_Handler</STRONG> (Thumb, 2 bytes, Stack size 0 bytes, startup.o(RESET))
<BR><BR>[Calls]<UL><LI><a href="#[9]">&gt;&gt;</a>&nbsp;&nbsp;&nbsp;SysTick_Handler
</UL>
<BR>[Called By]<UL><LI><a href="#[9]">&gt;&gt;</a>&nbsp;&nbsp;&nbsp;SysTick_Handler
</UL>
<BR>[Address Reference Count : 1]<UL><LI> startup.o(RESET)
</UL>
<P><STRONG><a name="[18]"></a>ADC0Seq0_Handler</STRONG> (Thumb, 0 bytes, Stack size 0 bytes, startup.o(RESET))
<BR><BR>[Calls]<UL><LI><a href="#[18]">&gt;&gt;</a>&nbsp;&nbsp;&nbsp;ADC0Seq0_Handler
</UL>
<BR>[Called By]<UL><LI><a href="#[18]">&gt;&gt;</a>&nbsp;&nbsp;&nbsp;ADC0Seq0_Handler
</UL>
<BR>[Address Reference Count : 1]<UL><LI> startup.o(RESET)
</UL>
<P><STRONG><a name="[19]"></a>ADC0Seq1_Handler</STRONG> (Thumb, 0 bytes, Stack size 0 bytes, startup.o(RESET))
<BR>[Address Reference Count : 1]<UL><LI> startup.o(RESET)
</UL>
<P><STRONG><a name="[1a]"></a>ADC0Seq2_Handler</STRONG> (Thumb, 0 bytes, Stack size 0 bytes, startup.o(RESET))
<BR>[Address Reference Count : 1]<UL><LI> startup.o(RESET)
</UL>
<P><STRONG><a name="[1b]"></a>ADC0Seq3_Handler</STRONG> (Thumb, 0 bytes, Stack size 0 bytes, startup.o(RESET))
<BR>[Address Reference Count : 1]<UL><LI> startup.o(RESET)
</UL>
<P><STRONG><a name="[38]"></a>ADC1Seq0_Handler</STRONG> (Thumb, 0 bytes, Stack size 0 bytes, startup.o(RESET))
<BR>[Address Reference Count : 1]<UL><LI> startup.o(RESET)
</UL>
<P><STRONG><a name="[39]"></a>ADC1Seq1_Handler</STRONG> (Thumb, 0 bytes, Stack size 0 bytes, startup.o(RESET))
<BR>[Address Reference Count : 1]<UL><LI> startup.o(RESET)
</UL>
<P><STRONG><a name="[3a]"></a>ADC1Seq2_Handler</STRONG> (Thumb, 0 bytes, Stack size 0 bytes, startup.o(RESET))
<BR>[Address Reference Count : 1]<UL><LI> startup.o(RESET)
</UL>
<P><STRONG><a name="[3b]"></a>ADC1Seq3_Handler</STRONG> (Thumb, 0 bytes, Stack size 0 bytes, startup.o(RESET))
<BR>[Address Reference Count : 1]<UL><LI> startup.o(RESET)
</UL>
<P><STRONG><a name="[31]"></a>CAN0_Handler</STRONG> (Thumb, 0 bytes, Stack size 0 bytes, startup.o(RESET))
<BR>[Address Reference Count : 1]<UL><LI> startup.o(RESET)
</UL>
<P><STRONG><a name="[32]"></a>CAN1_Handler</STRONG> (Thumb, 0 bytes, Stack size 0 bytes, startup.o(RESET))
<BR>[Address Reference Count : 1]<UL><LI> startup.o(RESET)
</UL>
<P><STRONG><a name="[7c]"></a>CAN2_Handler</STRONG> (Thumb, 0 bytes, Stack size 0 bytes, startup.o(RESET), UNUSED, KEPT)

<P><STRONG><a name="[23]"></a>Comp0_Handler</STRONG> (Thumb, 0 bytes, Stack size 0 bytes, startup.o(RESET))
<BR>[Address Reference Count : 1]<UL><LI> startup.o(RESET)
</UL>
<P><STRONG><a name="[24]"></a>Comp1_Handler</STRONG> (Thumb, 0 bytes, Stack size 0 bytes, startup.o(RESET))
<BR>[Address Reference Count : 1]<UL><LI> startup.o(RESET)
</UL>
<P><STRONG><a name="[25]"></a>Comp2_Handler</STRONG> (Thumb, 0 bytes, Stack size 0 bytes, startup.o(RESET))
<BR>[Address Reference Count : 1]<UL><LI> startup.o(RESET)
</UL>
<P><STRONG><a name="[7d]"></a>Ethernet_Handler</STRONG> (Thumb, 0 bytes, Stack size 0 bytes, startup.o(RESET), UNUSED, KEPT)

<P><STRONG><a name="[7e]"></a>ExtBus_Handler</STRONG> (Thumb, 0 bytes, Stack size 0 bytes, startup.o(RESET), UNUSED, KEPT)

<P><STRONG><a name="[58]"></a>FPU_Handler</STRONG> (Thumb, 0 bytes, Stack size 0 bytes, startup.o(RESET))
<BR>[Address Reference Count : 1]<UL><LI> startup.o(RESET)
</UL>
<P><STRONG><a name="[7f]"></a>Fan0_Handler</STRONG> (Thumb, 0 bytes, Stack size 0 bytes, startup.o(RESET), UNUSED, KEPT)

<P><STRONG><a name="[27]"></a>FlashCtl_Handler</STRONG> (Thumb, 0 bytes, Stack size 0 bytes, startup.o(RESET))
<BR>[Address Reference Count : 1]<UL><LI> startup.o(RESET)
</UL>
<P><STRONG><a name="[a]"></a>GPIOPortA_Handler</STRONG> (Thumb, 0 bytes, Stack size 0 bytes, startup.o(RESET))
<BR>[Address Reference Count : 1]<UL><LI> startup.o(RESET)
</UL>
<P><STRONG><a name="[d]"></a>GPIOPortD_Handler</STRONG> (Thumb, 0 bytes, Stack size 0 bytes, startup.o(RESET))
<BR>[Address Reference Count : 1]<UL><LI> startup.o(RESET)
</UL>
<P><STRONG><a name="[e]"></a>GPIOPortE_Handler</STRONG> (Thumb, 0 bytes, Stack size 0 bytes, startup.o(RESET))
<BR>[Address Reference Count : 1]<UL><LI> startup.o(RESET)
</UL>
<P><STRONG><a name="[28]"></a>GPIOPortF_Handler</STRONG> (Thumb, 0 bytes, Stack size 0 bytes, startup.o(RESET))
<BR>[Address Reference Count : 1]<UL><LI> startup.o(RESET)
</UL>
<P><STRONG><a name="[29]"></a>GPIOPortG_Handler</STRONG> (Thumb, 0 bytes, Stack size 0 bytes, startup.o(RESET))
<BR>[Address Reference Count : 1]<UL><LI> startup.o(RESET)
</UL>
<P><STRONG><a name="[2a]"></a>GPIOPortH_Handler</STRONG> (Thumb, 0 bytes, Stack size 0 bytes, startup.o(RESET))
<BR>[Address Reference Count : 1]<UL><LI> startup.o(RESET)
</UL>
<P><STRONG><a name="[3c]"></a>GPIOPortJ_Handler</STRONG> (Thumb, 0 bytes, Stack size 0 bytes, startup.o(RESET))
<BR>[Address Reference Count : 1]<UL><LI> startup.o(RESET)
</UL>
<P><STRONG><a name="[3d]"></a>GPIOPortK_Handler</STRONG> (Thumb, 0 bytes, Stack size 0 bytes, startup.o(RESET))
<BR>[Address Reference Count : 1]<UL><LI> startup.o(RESET)
</UL>
<P><STRONG><a name="[3e]"></a>GPIOPortL_Handler</STRONG> (Thumb, 0 bytes, Stack size 0 bytes, startup.o(RESET))
<BR>[Address Reference Count : 1]<UL><LI> startup.o(RESET)
</UL>
<P><STRONG><a name="[5b]"></a>GPIOPortM_Handler</STRONG> (Thumb, 0 bytes, Stack size 0 bytes, startup.o(RESET))
<BR>[Address Reference Count : 1]<UL><LI> startup.o(RESET)
</UL>
<P><STRONG><a name="[5c]"></a>GPIOPortN_Handler</STRONG> (Thumb, 0 bytes, Stack size 0 bytes, startup.o(RESET))
<BR>[Address Reference Count : 1]<UL><LI> startup.o(RESET)
</UL>
<P><STRONG><a name="[5f]"></a>GPIOPortP1_Handler</STRONG> (Thumb, 0 bytes, Stack size 0 bytes, startup.o(RESET))
<BR>[Address Reference Count : 1]<UL><LI> startup.o(RESET)
</UL>
<P><STRONG><a name="[60]"></a>GPIOPortP2_Handler</STRONG> (Thumb, 0 bytes, Stack size 0 bytes, startup.o(RESET))
<BR>[Address Reference Count : 1]<UL><LI> startup.o(RESET)
</UL>
<P><STRONG><a name="[61]"></a>GPIOPortP3_Handler</STRONG> (Thumb, 0 bytes, Stack size 0 bytes, startup.o(RESET))
<BR>[Address Reference Count : 1]<UL><LI> startup.o(RESET)
</UL>
<P><STRONG><a name="[62]"></a>GPIOPortP4_Handler</STRONG> (Thumb, 0 bytes, Stack size 0 bytes, startup.o(RESET))
<BR>[Address Reference Count : 1]<UL><LI> startup.o(RESET)
</UL>
<P><STRONG><a name="[63]"></a>GPIOPortP5_Handler</STRONG> (Thumb, 0 bytes, Stack size 0 bytes, startup.o(RESET))
<BR>[Address Reference Count : 1]<UL><LI> startup.o(RESET)
</UL>
<P><STRONG><a name="[64]"></a>GPIOPortP6_Handler</STRONG> (Thumb, 0 bytes, Stack size 0 bytes, startup.o(RESET))
<BR>[Address Reference Count : 1]<UL><LI> startup.o(RESET)
</UL>
<P><STRONG><a name="[65]"></a>GPIOPortP7_Handler</STRONG> (Thumb, 0 bytes, Stack size 0 bytes, startup.o(RESET))
<BR>[Address Reference Count : 1]<UL><LI> startup.o(RESET)
</UL>
<P><STRONG><a name="[5e]"></a>GPIOPortP_Handler</STRONG> (Thumb, 0 bytes, Stack size 0 bytes, startup.o(RESET))
<BR>[Address Reference Count : 1]<UL><LI> startup.o(RESET)
</UL>
<P><STRONG><a name="[67]"></a>GPIOPortQ1_Handler</STRONG> (Thumb, 0 bytes, Stack size 0 bytes, startup.o(RESET))
<BR>[Address Reference Count : 1]<UL><LI> startup.o(RESET)
</UL>
<P><STRONG><a name="[68]"></a>GPIOPortQ2_Handler</STRONG> (Thumb, 0 bytes, Stack size 0 bytes, startup.o(RESET))
<BR>[Address Reference Count : 1]<UL><LI> startup.o(RESET)
</UL>
<P><STRONG><a name="[69]"></a>GPIOPortQ3_Handler</STRONG> (Thumb, 0 bytes, Stack size 0 bytes, startup.o(RESET))
<BR>[Address Reference Count : 1]<UL><LI> startup.o(RESET)
</UL>
<P><STRONG><a name="[6a]"></a>GPIOPortQ4_Handler</STRONG> (Thumb, 0 bytes, Stack size 0 bytes, startup.o(RESET))
<BR>[Address Reference Count : 1]<UL><LI> startup.o(RESET)
</UL>
<P><STRONG><a name="[6b]"></a>GPIOPortQ5_Handler</STRONG> (Thumb, 0 bytes, Stack size 0 bytes, startup.o(RESET))
<BR>[Address Reference Count : 1]<UL><LI> startup.o(RESET)
</UL>
<P><STRONG><a name="[6c]"></a>GPIOPortQ6_Handler</STRONG> (Thumb, 0 bytes, Stack size 0 bytes, startup.o(RESET))
<BR>[Address Reference Count : 1]<UL><LI> startup.o(RESET)
</UL>
<P><STRONG><a name="[6d]"></a>GPIOPortQ7_Handler</STRONG> (Thumb, 0 bytes, Stack size 0 bytes, startup.o(RESET))
<BR>[Address Reference Count : 1]<UL><LI> startup.o(RESET)
</UL>
<P><STRONG><a name="[66]"></a>GPIOPortQ_Handler</STRONG> (Thumb, 0 bytes, Stack size 0 bytes, startup.o(RESET))
<BR>[Address Reference Count : 1]<UL><LI> startup.o(RESET)
</UL>
<P><STRONG><a name="[6e]"></a>GPIOPortR_Handler</STRONG> (Thumb, 0 bytes, Stack size 0 bytes, startup.o(RESET))
<BR>[Address Reference Count : 1]<UL><LI> startup.o(RESET)
</UL>
<P><STRONG><a name="[6f]"></a>GPIOPortS_Handler</STRONG> (Thumb, 0 bytes, Stack size 0 bytes, startup.o(RESET))
<BR>[Address Reference Count : 1]<UL><LI> startup.o(RESET)
</UL>
<P><STRONG><a name="[33]"></a>Hibernate_Handler</STRONG> (Thumb, 0 bytes, Stack size 0 bytes, startup.o(RESET))
<BR>[Address Reference Count : 1]<UL><LI> startup.o(RESET)
</UL>
<P><STRONG><a name="[12]"></a>I2C0_Handler</STRONG> (Thumb, 0 bytes, Stack size 0 bytes, startup.o(RESET))
<BR>[Address Reference Count : 1]<UL><LI> startup.o(RESET)
</UL>
<P><STRONG><a name="[2f]"></a>I2C1_Handler</STRONG> (Thumb, 0 bytes, Stack size 0 bytes, startup.o(RESET))
<BR>[Address Reference Count : 1]<UL><LI> startup.o(RESET)
</UL>
<P><STRONG><a name="[46]"></a>I2C2_Handler</STRONG> (Thumb, 0 bytes, Stack size 0 bytes, startup.o(RESET))
<BR>[Address Reference Count : 1]<UL><LI> startup.o(RESET)
</UL>
<P><STRONG><a name="[47]"></a>I2C3_Handler</STRONG> (Thumb, 0 bytes, Stack size 0 bytes, startup.o(RESET))
<BR>[Address Reference Count : 1]<UL><LI> startup.o(RESET)
</UL>
<P><STRONG><a name="[59]"></a>I2C4_Handler</STRONG> (Thumb, 0 bytes, Stack size 0 bytes, startup.o(RESET))
<BR>[Address Reference Count : 1]<UL><LI> startup.o(RESET)
</UL>
<P><STRONG><a name="[5a]"></a>I2C5_Handler</STRONG> (Thumb, 0 bytes, Stack size 0 bytes, startup.o(RESET))
<BR>[Address Reference Count : 1]<UL><LI> startup.o(RESET)
</UL>
<P><STRONG><a name="[80]"></a>I2S0_Handler</STRONG> (Thumb, 0 bytes, Stack size 0 bytes, startup.o(RESET), UNUSED, KEPT)

<P><STRONG><a name="[81]"></a>LPC0_Handler</STRONG> (Thumb, 0 bytes, Stack size 0 bytes, startup.o(RESET), UNUSED, KEPT)

<P><STRONG><a name="[82]"></a>PECI0_Handler</STRONG> (Thumb, 0 bytes, Stack size 0 bytes, startup.o(RESET), UNUSED, KEPT)

<P><STRONG><a name="[13]"></a>PWM0Fault_Handler</STRONG> (Thumb, 0 bytes, Stack size 0 bytes, startup.o(RESET))
<BR>[Address Reference Count : 1]<UL><LI> startup.o(RESET)
</UL>
<P><STRONG><a name="[14]"></a>PWM0Generator0_Handler</STRONG> (Thumb, 0 bytes, Stack size 0 bytes, startup.o(RESET))
<BR>[Address Reference Count : 1]<UL><LI> startup.o(RESET)
</UL>
<P><STRONG><a name="[15]"></a>PWM0Generator1_Handler</STRONG> (Thumb, 0 bytes, Stack size 0 bytes, startup.o(RESET))
<BR>[Address Reference Count : 1]<UL><LI> startup.o(RESET)
</UL>
<P><STRONG><a name="[16]"></a>PWM0Generator2_Handler</STRONG> (Thumb, 0 bytes, Stack size 0 bytes, startup.o(RESET))
<BR>[Address Reference Count : 1]<UL><LI> startup.o(RESET)
</UL>
<P><STRONG><a name="[35]"></a>PWM0Generator3_Handler</STRONG> (Thumb, 0 bytes, Stack size 0 bytes, startup.o(RESET))
<BR>[Address Reference Count : 1]<UL><LI> startup.o(RESET)
</UL>
<P><STRONG><a name="[74]"></a>PWM1Fault_Handler</STRONG> (Thumb, 0 bytes, Stack size 0 bytes, startup.o(RESET))
<BR>[Address Reference Count : 1]<UL><LI> startup.o(RESET)
</UL>
<P><STRONG><a name="[70]"></a>PWM1Generator0_Handler</STRONG> (Thumb, 0 bytes, Stack size 0 bytes, startup.o(RESET))
<BR>[Address Reference Count : 1]<UL><LI> startup.o(RESET)
</UL>
<P><STRONG><a name="[71]"></a>PWM1Generator1_Handler</STRONG> (Thumb, 0 bytes, Stack size 0 bytes, startup.o(RESET))
<BR>[Address Reference Count : 1]<UL><LI> startup.o(RESET)
</UL>
<P><STRONG><a name="[72]"></a>PWM1Generator2_Handler</STRONG> (Thumb, 0 bytes, Stack size 0 bytes, startup.o(RESET))
<BR>[Address Reference Count : 1]<UL><LI> startup.o(RESET)
</UL>
<P><STRONG><a name="[73]"></a>PWM1Generator3_Handler</STRONG> (Thumb, 0 bytes, Stack size 0 bytes, startup.o(RESET))
<BR>[Address Reference Count : 1]<UL><LI> startup.o(RESET)
</UL>
<P><STRONG><a name="[17]"></a>Quadrature0_Handler</STRONG> (Thumb, 0 bytes, Stack size 0 bytes, startup.o(RESET))
<BR>[Address Reference Count : 1]<UL><LI> startup.o(RESET)
</UL>
<P><STRONG><a name="[30]"></a>Quadrature1_Handler</STRONG> (Thumb, 0 bytes, Stack size 0 bytes, startup.o(RESET))
<BR>[Address Reference Count : 1]<UL><LI> startup.o(RESET)
</UL>
<P><STRONG><a name="[5d]"></a>Quadrature2_Handler</STRONG> (Thumb, 0 bytes, Stack size 0 bytes, startup.o(RESET))
<BR>[Address Reference Count : 1]<UL><LI> startup.o(RESET)
</UL>
<P><STRONG><a name="[11]"></a>SSI0_Handler</STRONG> (Thumb, 0 bytes, Stack size 0 bytes, startup.o(RESET))
<BR>[Address Reference Count : 1]<UL><LI> startup.o(RESET)
</UL>
<P><STRONG><a name="[2c]"></a>SSI1_Handler</STRONG> (Thumb, 0 bytes, Stack size 0 bytes, startup.o(RESET))
<BR>[Address Reference Count : 1]<UL><LI> startup.o(RESET)
</UL>
<P><STRONG><a name="[3f]"></a>SSI2_Handler</STRONG> (Thumb, 0 bytes, Stack size 0 bytes, startup.o(RESET))
<BR>[Address Reference Count : 1]<UL><LI> startup.o(RESET)
</UL>
<P><STRONG><a name="[40]"></a>SSI3_Handler</STRONG> (Thumb, 0 bytes, Stack size 0 bytes, startup.o(RESET))
<BR>[Address Reference Count : 1]<UL><LI> startup.o(RESET)
</UL>
<P><STRONG><a name="[26]"></a>SysCtl_Handler</STRONG> (Thumb, 0 bytes, Stack size 0 bytes, startup.o(RESET))
<BR>[Address Reference Count : 1]<UL><LI> startup.o(RESET)
</UL>
<P><STRONG><a name="[1e]"></a>Timer0B_Handler</STRONG> (Thumb, 0 bytes, Stack size 0 bytes, startup.o(RESET))
<BR>[Address Reference Count : 1]<UL><LI> startup.o(RESET)
</UL>
<P><STRONG><a name="[20]"></a>Timer1B_Handler</STRONG> (Thumb, 0 bytes, Stack size 0 bytes, startup.o(RESET))
<BR>[Address Reference Count : 1]<UL><LI> startup.o(RESET)
</UL>
<P><STRONG><a name="[22]"></a>Timer2B_Handler</STRONG> (Thumb, 0 bytes, Stack size 0 bytes, startup.o(RESET))
<BR>[Address Reference Count : 1]<UL><LI> startup.o(RESET)
</UL>
<P><STRONG><a name="[2e]"></a>Timer3B_Handler</STRONG> (Thumb, 0 bytes, Stack size 0 bytes, startup.o(RESET))
<BR>[Address Reference Count : 1]<UL><LI> startup.o(RESET)
</UL>
<P><STRONG><a name="[49]"></a>Timer4B_Handler</STRONG> (Thumb, 0 bytes, Stack size 0 bytes, startup.o(RESET))
<BR>[Address Reference Count : 1]<UL><LI> startup.o(RESET)
</UL>
<P><STRONG><a name="[4b]"></a>Timer5B_Handler</STRONG> (Thumb, 0 bytes, Stack size 0 bytes, startup.o(RESET))
<BR>[Address Reference Count : 1]<UL><LI> startup.o(RESET)
</UL>
<P><STRONG><a name="[f]"></a>UART0_Handler</STRONG> (Thumb, 0 bytes, Stack size 0 bytes, startup.o(RESET))
<BR>[Address Reference Count : 1]<UL><LI> startup.o(RESET)
</UL>
<P><STRONG><a name="[10]"></a>UART1_Handler</STRONG> (Thumb, 0 bytes, Stack size 0 bytes, startup.o(RESET))
<BR>[Address Reference Count : 1]<UL><LI> startup.o(RESET)
</UL>
<P><STRONG><a name="[2b]"></a>UART2_Handler</STRONG> (Thumb, 0 bytes, Stack size 0 bytes, startup.o(RESET))
<BR>[Address Reference Count : 1]<UL><LI> startup.o(RESET)
</UL>
<P><STRONG><a name="[41]"></a>UART3_Handler</STRONG> (Thumb, 0 bytes, Stack size 0 bytes, startup.o(RESET))
<BR>[Address Reference Count : 1]<UL><LI> startup.o(RESET)
</UL>
<P><STRONG><a name="[42]"></a>UART4_Handler</STRONG> (Thumb, 0 bytes, Stack size 0 bytes, startup.o(RESET))
<BR>[Address Reference Count : 1]<UL><LI> startup.o(RESET)
</UL>
<P><STRONG><a name="[43]"></a>UART5_Handler</STRONG> (Thumb, 0 bytes, Stack size 0 bytes, startup.o(RESET))
<BR>[Address Reference Count : 1]<UL><LI> startup.o(RESET)
</UL>
<P><STRONG><a name="[44]"></a>UART6_Handler</STRONG> (Thumb, 0 bytes, Stack size 0 bytes, startup.o(RESET))
<BR>[Address Reference Count : 1]<UL><LI> startup.o(RESET)
</UL>
<P><STRONG><a name="[45]"></a>UART7_Handler</STRONG> (Thumb, 0 bytes, Stack size 0 bytes, startup.o(RESET))
<BR>[Address Reference Count : 1]<UL><LI> startup.o(RESET)
</UL>
<P><STRONG><a name="[34]"></a>USB0_Handler</STRONG> (Thumb, 0 bytes, Stack size 0 bytes, startup.o(RESET))
<BR>[Address Reference Count : 1]<UL><LI> startup.o(RESET)
</UL>
<P><STRONG><a name="[1c]"></a>WDT_Handler</STRONG> (Thumb, 0 bytes, Stack size 0 bytes, startup.o(RESET))
<BR>[Address Reference Count : 1]<UL><LI> startup.o(RESET)
</UL>
<P><STRONG><a name="[4c]"></a>WideTimer0A_Handler</STRONG> (Thumb, 0 bytes, Stack size 0 bytes, startup.o(RESET))
<BR>[Address Reference Count : 1]<UL><LI> startup.o(RESET)
</UL>
<P><STRONG><a name="[4d]"></a>WideTimer0B_Handler</STRONG> (Thumb, 0 bytes, Stack size 0 bytes, startup.o(RESET))
<BR>[Address Reference Count : 1]<UL><LI> startup.o(RESET)
</UL>
<P><STRONG><a name="[4e]"></a>WideTimer1A_Handler</STRONG> (Thumb, 0 bytes, Stack size 0 bytes, startup.o(RESET))
<BR>[Address Reference Count : 1]<UL><LI> startup.o(RESET)
</UL>
<P><STRONG><a name="[4f]"></a>WideTimer1B_Handler</STRONG> (Thumb, 0 bytes, Stack size 0 bytes, startup.o(RESET))
<BR>[Address Reference Count : 1]<UL><LI> startup.o(RESET)
</UL>
<P><STRONG><a name="[50]"></a>WideTimer2A_Handler</STRONG> (Thumb, 0 bytes, Stack size 0 bytes, startup.o(RESET))
<BR>[Address Reference Count : 1]<UL><LI> startup.o(RESET)
</UL>
<P><STRONG><a name="[51]"></a>WideTimer2B_Handler</STRONG> (Thumb, 0 bytes, Stack size 0 bytes, startup.o(RESET))
<BR>[Address Reference Count : 1]<UL><LI> startup.o(RESET)
</UL>
<P><STRONG><a name="[52]"></a>WideTimer3A_Handler</STRONG> (Thumb, 0 bytes, Stack size 0 bytes, startup.o(RESET))
<BR>[Address Reference Count : 1]<UL><LI> startup.o(RESET)
</UL>
<P><STRONG><a name="[53]"></a>WideTimer3B_Handler</STRONG> (Thumb, 0 bytes, Stack size 0 bytes, startup.o(RESET))
<BR>[Address Reference Count : 1]<UL><LI> startup.o(RESET)
</UL>
<P><STRONG><a name="[54]"></a>WideTimer4A_Handler</STRONG> (Thumb, 0 bytes, Stack size 0 bytes, startup.o(RESET))
<BR>[Address Reference Count : 1]<UL><LI> startup.o(RESET)
</UL>
<P><STRONG><a name="[55]"></a>WideTimer4B_Handler</STRONG> (Thumb, 0 bytes, Stack size 0 bytes, startup.o(RESET))
<BR>[Address Reference Count : 1]<UL><LI> startup.o(RESET)
</UL>
<P><STRONG><a name="[56]"></a>WideTimer5A_Handler</STRONG> (Thumb, 0 bytes, Stack size 0 bytes, startup.o(RESET))
<BR>[Address Reference Count : 1]<UL><LI> startup.o(RESET)
</UL>
<P><STRONG><a name="[57]"></a>WideTimer5B_Handler</STRONG> (Thumb, 0 bytes, Stack size 0 bytes, startup.o(RESET))
<BR>[Address Reference Count : 1]<UL><LI> startup.o(RESET)
</UL>
<P><STRONG><a name="[83]"></a>__aeabi_assert</STRONG> (Thumb, 0 bytes, Stack size 0 bytes, startup.o(RESET), UNUSED, KEPT)

<P><STRONG><a name="[37]"></a>uDMA_Error</STRONG> (Thumb, 0 bytes, Stack size 0 bytes, startup.o(RESET))
<BR>[Address Reference Count : 1]<UL><LI> startup.o(RESET)
</UL>
<P><STRONG><a name="[36]"></a>uDMA_Handler</STRONG> (Thumb, 0 bytes, Stack size 0 bytes, startup.o(RESET))
<BR>[Address Reference Count : 1]<UL><LI> startup.o(RESET)
</UL>
<P><STRONG><a name="[7b]"></a>__main</STRONG> (Thumb, 0 bytes, Stack size unknown bytes, entry.o(.ARM.Collect$$$$00000000))
<BR><BR>[Called By]<UL><LI><a href="#[0]">&gt;&gt;</a>&nbsp;&nbsp;&nbsp;Reset_Handler
</UL>

<P><STRONG><a name="[a4]"></a>_main_stk</STRONG> (Thumb, 0 bytes, Stack size unknown bytes, entry2.o(.ARM.Collect$$$$00000001))

<P><STRONG><a name="[84]"></a>_main_scatterload</STRONG> (Thumb, 0 bytes, Stack size unknown bytes, entry5.o(.ARM.Collect$$$$00000004))
<BR><BR>[Calls]<UL><LI><a href="#[85]">&gt;&gt;</a>&nbsp;&nbsp;&nbsp;__scatterload
</UL>

<P><STRONG><a name="[86]"></a>__main_after_scatterload</STRONG> (Thumb, 0 bytes, Stack size unknown bytes, entry5.o(.ARM.Collect$$$$00000004))
<BR><BR>[Called By]<UL><LI><a href="#[85]">&gt;&gt;</a>&nbsp;&nbsp;&nbsp;__scatterload
</UL>

<P><STRONG><a name="[a5]"></a>_main_clock</STRONG> (Thumb, 0 bytes, Stack size unknown bytes, entry7b.o(.ARM.Collect$$$$00000008))

<P><STRONG><a name="[a6]"></a>_main_cpp_init</STRONG> (Thumb, 0 bytes, Stack size unknown bytes, entry8b.o(.ARM.Collect$$$$0000000A))

<P><STRONG><a name="[a7]"></a>_main_init</STRONG> (Thumb, 0 bytes, Stack size unknown bytes, entry9a.o(.ARM.Collect$$$$0000000B))

<P><STRONG><a name="[a8]"></a>__rt_final_cpp</STRONG> (Thumb, 0 bytes, Stack size unknown bytes, entry10a.o(.ARM.Collect$$$$0000000D))

<P><STRONG><a name="[a9]"></a>__rt_final_exit</STRONG> (Thumb, 0 bytes, Stack size unknown bytes, entry11a.o(.ARM.Collect$$$$0000000F))

<P><STRONG><a name="[9f]"></a>DisableInterrupts</STRONG> (Thumb, 0 bytes, Stack size unknown bytes, startup.o(.text))
<BR><BR>[Called By]<UL><LI><a href="#[75]">&gt;&gt;</a>&nbsp;&nbsp;&nbsp;main
</UL>

<P><STRONG><a name="[a1]"></a>EnableInterrupts</STRONG> (Thumb, 0 bytes, Stack size unknown bytes, startup.o(.text))
<BR><BR>[Called By]<UL><LI><a href="#[75]">&gt;&gt;</a>&nbsp;&nbsp;&nbsp;main
</UL>

<P><STRONG><a name="[aa]"></a>StartCritical</STRONG> (Thumb, 0 bytes, Stack size unknown bytes, startup.o(.text), UNUSED)

<P><STRONG><a name="[ab]"></a>EndCritical</STRONG> (Thumb, 0 bytes, Stack size unknown bytes, startup.o(.text), UNUSED)

<P><STRONG><a name="[a2]"></a>WaitForInterrupt</STRONG> (Thumb, 0 bytes, Stack size unknown bytes, startup.o(.text))
<BR><BR>[Called By]<UL><LI><a href="#[75]">&gt;&gt;</a>&nbsp;&nbsp;&nbsp;main
</UL>

<P><STRONG><a name="[85]"></a>__scatterload</STRONG> (Thumb, 28 bytes, Stack size 0 bytes, init.o(.text))
<BR><BR>[Calls]<UL><LI><a href="#[86]">&gt;&gt;</a>&nbsp;&nbsp;&nbsp;__main_after_scatterload
</UL>
<BR>[Called By]<UL><LI><a href="#[84]">&gt;&gt;</a>&nbsp;&nbsp;&nbsp;_main_scatterload
</UL>

<P><STRONG><a name="[ac]"></a>__scatterload_rt2</STRONG> (Thumb, 0 bytes, Stack size 0 bytes, init.o(.text), UNUSED)

<P><STRONG><a name="[9b]"></a>DMA_Stop</STRONG> (Thumb, 58 bytes, Stack size 0 bytes, dmatimer.o(.text.DMA_Stop))
<BR><BR>[Called By]<UL><LI><a href="#[4a]">&gt;&gt;</a>&nbsp;&nbsp;&nbsp;Timer5A_Handler
</UL>

<P><STRONG><a name="[9c]"></a>Delay1ms</STRONG> (Thumb, 46 bytes, Stack size 8 bytes, st7735.o(.text.Delay1ms))
<BR><BR>[Stack]<UL><LI>Max Depth = 8<LI>Call Chain = Delay1ms
</UL>
<BR>[Called By]<UL><LI><a href="#[95]">&gt;&gt;</a>&nbsp;&nbsp;&nbsp;commonInit
<LI><a href="#[96]">&gt;&gt;</a>&nbsp;&nbsp;&nbsp;commandList
</UL>

<P><STRONG><a name="[87]"></a>DrawInstrumentMenu</STRONG> (Thumb, 1932 bytes, Stack size 120 bytes, graphics.o(.text.DrawInstrumentMenu))
<BR><BR>[Stack]<UL><LI>Max Depth = 204<LI>Call Chain = DrawInstrumentMenu &rArr; ST7735_DrawCharS &rArr; ST7735_FillRect &rArr; setAddrWindow &rArr; writedata
</UL>
<BR>[Calls]<UL><LI><a href="#[8a]">&gt;&gt;</a>&nbsp;&nbsp;&nbsp;ST7735_DrawCharS
<LI><a href="#[89]">&gt;&gt;</a>&nbsp;&nbsp;&nbsp;ST7735_Color565
<LI><a href="#[88]">&gt;&gt;</a>&nbsp;&nbsp;&nbsp;ST7735_FillScreen
</UL>
<BR>[Called By]<UL><LI><a href="#[75]">&gt;&gt;</a>&nbsp;&nbsp;&nbsp;main
</UL>

<P><STRONG><a name="[b]"></a>GPIOPortB_Handler</STRONG> (Thumb, 250 bytes, Stack size 8 bytes, buttons.o(.text.GPIOPortB_Handler))
<BR><BR>[Stack]<UL><LI>Max Depth = 20<LI>Call Chain = GPIOPortB_Handler &rArr; Timer3A_Init
</UL>
<BR>[Calls]<UL><LI><a href="#[8c]">&gt;&gt;</a>&nbsp;&nbsp;&nbsp;Timer3A_Init
<LI><a href="#[8b]">&gt;&gt;</a>&nbsp;&nbsp;&nbsp;Timer2A_Stop
</UL>
<BR>[Address Reference Count : 1]<UL><LI> startup.o(RESET)
</UL>
<P><STRONG><a name="[c]"></a>GPIOPortC_Handler</STRONG> (Thumb, 202 bytes, Stack size 8 bytes, buttons.o(.text.GPIOPortC_Handler))
<BR><BR>[Stack]<UL><LI>Max Depth = 20<LI>Call Chain = GPIOPortC_Handler &rArr; Timer4A_Init
</UL>
<BR>[Calls]<UL><LI><a href="#[8d]">&gt;&gt;</a>&nbsp;&nbsp;&nbsp;Timer4A_Init
</UL>
<BR>[Address Reference Count : 1]<UL><LI> startup.o(RESET)
</UL>
<P><STRONG><a name="[78]"></a>KeypadScan1</STRONG> (Thumb, 84 bytes, Stack size 16 bytes, buttons.o(.text.KeypadScan1))
<BR><BR>[Stack]<UL><LI>Max Depth = 28<LI>Call Chain = KeypadScan1 &rArr; Timer3A_Init
</UL>
<BR>[Calls]<UL><LI><a href="#[8c]">&gt;&gt;</a>&nbsp;&nbsp;&nbsp;Timer3A_Init
<LI><a href="#[8b]">&gt;&gt;</a>&nbsp;&nbsp;&nbsp;Timer2A_Stop
</UL>
<BR>[Address Reference Count : 1]<UL><LI> buttons.o(.text.keypadDebouncer)
</UL>
<P><STRONG><a name="[79]"></a>KeypadScan2</STRONG> (Thumb, 248 bytes, Stack size 0 bytes, buttons.o(.text.KeypadScan2))
<BR>[Address Reference Count : 1]<UL><LI> buttons.o(.text.keypadDebouncer)
</UL>
<P><STRONG><a name="[a0]"></a>PLL_Init</STRONG> (Thumb, 138 bytes, Stack size 8 bytes, pll.o(.text.PLL_Init))
<BR><BR>[Stack]<UL><LI>Max Depth = 8<LI>Call Chain = PLL_Init
</UL>
<BR>[Called By]<UL><LI><a href="#[75]">&gt;&gt;</a>&nbsp;&nbsp;&nbsp;main
</UL>

<P><STRONG><a name="[89]"></a>ST7735_Color565</STRONG> (Thumb, 48 bytes, Stack size 4 bytes, st7735.o(.text.ST7735_Color565))
<BR><BR>[Stack]<UL><LI>Max Depth = 4<LI>Call Chain = ST7735_Color565
</UL>
<BR>[Called By]<UL><LI><a href="#[87]">&gt;&gt;</a>&nbsp;&nbsp;&nbsp;DrawInstrumentMenu
</UL>

<P><STRONG><a name="[8a]"></a>ST7735_DrawCharS</STRONG> (Thumb, 438 bytes, Stack size 32 bytes, st7735.o(.text.ST7735_DrawCharS))
<BR><BR>[Stack]<UL><LI>Max Depth = 84<LI>Call Chain = ST7735_DrawCharS &rArr; ST7735_FillRect &rArr; setAddrWindow &rArr; writedata
</UL>
<BR>[Calls]<UL><LI><a href="#[8f]">&gt;&gt;</a>&nbsp;&nbsp;&nbsp;ST7735_FillRect
<LI><a href="#[8e]">&gt;&gt;</a>&nbsp;&nbsp;&nbsp;ST7735_DrawPixel
</UL>
<BR>[Called By]<UL><LI><a href="#[87]">&gt;&gt;</a>&nbsp;&nbsp;&nbsp;DrawInstrumentMenu
</UL>

<P><STRONG><a name="[8e]"></a>ST7735_DrawPixel</STRONG> (Thumb, 116 bytes, Stack size 16 bytes, st7735.o(.text.ST7735_DrawPixel))
<BR><BR>[Stack]<UL><LI>Max Depth = 44<LI>Call Chain = ST7735_DrawPixel &rArr; setAddrWindow &rArr; writedata
</UL>
<BR>[Calls]<UL><LI><a href="#[90]">&gt;&gt;</a>&nbsp;&nbsp;&nbsp;setAddrWindow
<LI><a href="#[91]">&gt;&gt;</a>&nbsp;&nbsp;&nbsp;pushColor
<LI><a href="#[92]">&gt;&gt;</a>&nbsp;&nbsp;&nbsp;deselect
</UL>
<BR>[Called By]<UL><LI><a href="#[8a]">&gt;&gt;</a>&nbsp;&nbsp;&nbsp;ST7735_DrawCharS
</UL>

<P><STRONG><a name="[8f]"></a>ST7735_FillRect</STRONG> (Thumb, 324 bytes, Stack size 24 bytes, st7735.o(.text.ST7735_FillRect))
<BR><BR>[Stack]<UL><LI>Max Depth = 52<LI>Call Chain = ST7735_FillRect &rArr; setAddrWindow &rArr; writedata
</UL>
<BR>[Calls]<UL><LI><a href="#[93]">&gt;&gt;</a>&nbsp;&nbsp;&nbsp;writedata
<LI><a href="#[90]">&gt;&gt;</a>&nbsp;&nbsp;&nbsp;setAddrWindow
<LI><a href="#[92]">&gt;&gt;</a>&nbsp;&nbsp;&nbsp;deselect
</UL>
<BR>[Called By]<UL><LI><a href="#[8a]">&gt;&gt;</a>&nbsp;&nbsp;&nbsp;ST7735_DrawCharS
<LI><a href="#[88]">&gt;&gt;</a>&nbsp;&nbsp;&nbsp;ST7735_FillScreen
</UL>

<P><STRONG><a name="[88]"></a>ST7735_FillScreen</STRONG> (Thumb, 52 bytes, Stack size 16 bytes, st7735.o(.text.ST7735_FillScreen))
<BR><BR>[Stack]<UL><LI>Max Depth = 68<LI>Call Chain = ST7735_FillScreen &rArr; ST7735_FillRect &rArr; setAddrWindow &rArr; writedata
</UL>
<BR>[Calls]<UL><LI><a href="#[8f]">&gt;&gt;</a>&nbsp;&nbsp;&nbsp;ST7735_FillRect
</UL>
<BR>[Called By]<UL><LI><a href="#[75]">&gt;&gt;</a>&nbsp;&nbsp;&nbsp;main
<LI><a href="#[94]">&gt;&gt;</a>&nbsp;&nbsp;&nbsp;ST7735_InitR
<LI><a href="#[87]">&gt;&gt;</a>&nbsp;&nbsp;&nbsp;DrawInstrumentMenu
</UL>

<P><STRONG><a name="[94]"></a>ST7735_InitR</STRONG> (Thumb, 166 bytes, Stack size 16 bytes, st7735.o(.text.ST7735_InitR))
<BR><BR>[Stack]<UL><LI>Max Depth = 88<LI>Call Chain = ST7735_InitR &rArr; commonInit &rArr; commandList &rArr; Delay1ms
</UL>
<BR>[Calls]<UL><LI><a href="#[98]">&gt;&gt;</a>&nbsp;&nbsp;&nbsp;ST7735_SetCursor
<LI><a href="#[93]">&gt;&gt;</a>&nbsp;&nbsp;&nbsp;writedata
<LI><a href="#[97]">&gt;&gt;</a>&nbsp;&nbsp;&nbsp;writecommand
<LI><a href="#[95]">&gt;&gt;</a>&nbsp;&nbsp;&nbsp;commonInit
<LI><a href="#[96]">&gt;&gt;</a>&nbsp;&nbsp;&nbsp;commandList
<LI><a href="#[88]">&gt;&gt;</a>&nbsp;&nbsp;&nbsp;ST7735_FillScreen
</UL>
<BR>[Called By]<UL><LI><a href="#[75]">&gt;&gt;</a>&nbsp;&nbsp;&nbsp;main
</UL>

<P><STRONG><a name="[98]"></a>ST7735_SetCursor</STRONG> (Thumb, 54 bytes, Stack size 8 bytes, st7735.o(.text.ST7735_SetCursor))
<BR><BR>[Stack]<UL><LI>Max Depth = 8<LI>Call Chain = ST7735_SetCursor
</UL>
<BR>[Called By]<UL><LI><a href="#[94]">&gt;&gt;</a>&nbsp;&nbsp;&nbsp;ST7735_InitR
</UL>

<P><STRONG><a name="[1d]"></a>Timer0A_Handler</STRONG> (Thumb, 26 bytes, Stack size 8 bytes, timer0a.o(.text.Timer0A_Handler))
<BR><BR>[Stack]<UL><LI>Max Depth = 8<LI>Call Chain = Timer0A_Handler
</UL>
<BR>[Address Reference Count : 1]<UL><LI> startup.o(RESET)
</UL>
<P><STRONG><a name="[1f]"></a>Timer1A_Handler</STRONG> (Thumb, 28 bytes, Stack size 8 bytes, timer1a.o(.text.Timer1A_Handler))
<BR><BR>[Stack]<UL><LI>Max Depth = 8<LI>Call Chain = Timer1A_Handler
</UL>
<BR>[Address Reference Count : 1]<UL><LI> startup.o(RESET)
</UL>
<P><STRONG><a name="[21]"></a>Timer2A_Handler</STRONG> (Thumb, 28 bytes, Stack size 8 bytes, timer2a.o(.text.Timer2A_Handler))
<BR><BR>[Stack]<UL><LI>Max Depth = 8<LI>Call Chain = Timer2A_Handler
</UL>
<BR>[Address Reference Count : 1]<UL><LI> startup.o(RESET)
</UL>
<P><STRONG><a name="[9e]"></a>Timer2A_Init</STRONG> (Thumb, 160 bytes, Stack size 12 bytes, timer2a.o(.text.Timer2A_Init))
<BR><BR>[Stack]<UL><LI>Max Depth = 12<LI>Call Chain = Timer2A_Init
</UL>
<BR>[Called By]<UL><LI><a href="#[76]">&gt;&gt;</a>&nbsp;&nbsp;&nbsp;keypadDebouncer
</UL>

<P><STRONG><a name="[8b]"></a>Timer2A_Stop</STRONG> (Thumb, 28 bytes, Stack size 0 bytes, timer2a.o(.text.Timer2A_Stop))
<BR><BR>[Called By]<UL><LI><a href="#[78]">&gt;&gt;</a>&nbsp;&nbsp;&nbsp;KeypadScan1
<LI><a href="#[b]">&gt;&gt;</a>&nbsp;&nbsp;&nbsp;GPIOPortB_Handler
</UL>

<P><STRONG><a name="[2d]"></a>Timer3A_Handler</STRONG> (Thumb, 28 bytes, Stack size 8 bytes, timer3a.o(.text.Timer3A_Handler))
<BR><BR>[Stack]<UL><LI>Max Depth = 8<LI>Call Chain = Timer3A_Handler
</UL>
<BR>[Address Reference Count : 1]<UL><LI> startup.o(RESET)
</UL>
<P><STRONG><a name="[8c]"></a>Timer3A_Init</STRONG> (Thumb, 158 bytes, Stack size 12 bytes, timer3a.o(.text.Timer3A_Init))
<BR><BR>[Stack]<UL><LI>Max Depth = 12<LI>Call Chain = Timer3A_Init
</UL>
<BR>[Called By]<UL><LI><a href="#[78]">&gt;&gt;</a>&nbsp;&nbsp;&nbsp;KeypadScan1
<LI><a href="#[b]">&gt;&gt;</a>&nbsp;&nbsp;&nbsp;GPIOPortB_Handler
</UL>

<P><STRONG><a name="[9d]"></a>Timer3A_Stop</STRONG> (Thumb, 26 bytes, Stack size 0 bytes, timer3a.o(.text.Timer3A_Stop))
<BR><BR>[Called By]<UL><LI><a href="#[76]">&gt;&gt;</a>&nbsp;&nbsp;&nbsp;keypadDebouncer
</UL>

<P><STRONG><a name="[48]"></a>Timer4A_Handler</STRONG> (Thumb, 28 bytes, Stack size 8 bytes, timer4a.o(.text.Timer4A_Handler))
<BR><BR>[Stack]<UL><LI>Max Depth = 8<LI>Call Chain = Timer4A_Handler
</UL>
<BR>[Address Reference Count : 1]<UL><LI> startup.o(RESET)
</UL>
<P><STRONG><a name="[8d]"></a>Timer4A_Init</STRONG> (Thumb, 158 bytes, Stack size 12 bytes, timer4a.o(.text.Timer4A_Init))
<BR><BR>[Stack]<UL><LI>Max Depth = 12<LI>Call Chain = Timer4A_Init
</UL>
<BR>[Called By]<UL><LI><a href="#[7a]">&gt;&gt;</a>&nbsp;&nbsp;&nbsp;wait_for_fall
<LI><a href="#[77]">&gt;&gt;</a>&nbsp;&nbsp;&nbsp;switch_debouncer
<LI><a href="#[c]">&gt;&gt;</a>&nbsp;&nbsp;&nbsp;GPIOPortC_Handler
</UL>

<P><STRONG><a name="[a3]"></a>Timer4A_Stop</STRONG> (Thumb, 26 bytes, Stack size 0 bytes, timer4a.o(.text.Timer4A_Stop))
<BR><BR>[Called By]<UL><LI><a href="#[7a]">&gt;&gt;</a>&nbsp;&nbsp;&nbsp;wait_for_fall
<LI><a href="#[77]">&gt;&gt;</a>&nbsp;&nbsp;&nbsp;switch_debouncer
</UL>

<P><STRONG><a name="[4a]"></a>Timer5A_Handler</STRONG> (Thumb, 178 bytes, Stack size 8 bytes, dmatimer.o(.text.Timer5A_Handler))
<BR><BR>[Stack]<UL><LI>Max Depth = 8<LI>Call Chain = Timer5A_Handler
</UL>
<BR>[Calls]<UL><LI><a href="#[9b]">&gt;&gt;</a>&nbsp;&nbsp;&nbsp;DMA_Stop
<LI><a href="#[99]">&gt;&gt;</a>&nbsp;&nbsp;&nbsp;setRegular
<LI><a href="#[9a]">&gt;&gt;</a>&nbsp;&nbsp;&nbsp;setAlternate
</UL>
<BR>[Address Reference Count : 1]<UL><LI> startup.o(RESET)
</UL>
<P><STRONG><a name="[76]"></a>keypadDebouncer</STRONG> (Thumb, 78 bytes, Stack size 8 bytes, buttons.o(.text.keypadDebouncer))
<BR><BR>[Stack]<UL><LI>Max Depth = 20<LI>Call Chain = keypadDebouncer &rArr; Timer2A_Init
</UL>
<BR>[Calls]<UL><LI><a href="#[9d]">&gt;&gt;</a>&nbsp;&nbsp;&nbsp;Timer3A_Stop
<LI><a href="#[9e]">&gt;&gt;</a>&nbsp;&nbsp;&nbsp;Timer2A_Init
</UL>
<BR>[Address Reference Count : 2]<UL><LI> buttons.o(.text.GPIOPortB_Handler)
<LI> buttons.o(.text.KeypadScan1)
</UL>
<P><STRONG><a name="[75]"></a>main</STRONG> (Thumb, 48 bytes, Stack size 16 bytes, musicgloves.o(.text.main))
<BR><BR>[Stack]<UL><LI>Max Depth = 220 + Unknown Stack Size
<LI>Call Chain = main &rArr; DrawInstrumentMenu &rArr; ST7735_DrawCharS &rArr; ST7735_FillRect &rArr; setAddrWindow &rArr; writedata
</UL>
<BR>[Calls]<UL><LI><a href="#[94]">&gt;&gt;</a>&nbsp;&nbsp;&nbsp;ST7735_InitR
<LI><a href="#[88]">&gt;&gt;</a>&nbsp;&nbsp;&nbsp;ST7735_FillScreen
<LI><a href="#[a0]">&gt;&gt;</a>&nbsp;&nbsp;&nbsp;PLL_Init
<LI><a href="#[87]">&gt;&gt;</a>&nbsp;&nbsp;&nbsp;DrawInstrumentMenu
<LI><a href="#[a2]">&gt;&gt;</a>&nbsp;&nbsp;&nbsp;WaitForInterrupt
<LI><a href="#[a1]">&gt;&gt;</a>&nbsp;&nbsp;&nbsp;EnableInterrupts
<LI><a href="#[9f]">&gt;&gt;</a>&nbsp;&nbsp;&nbsp;DisableInterrupts
</UL>
<BR>[Address Reference Count : 1]<UL><LI> entry9a.o(.ARM.Collect$$$$0000000B)
</UL>
<P><STRONG><a name="[77]"></a>switch_debouncer</STRONG> (Thumb, 60 bytes, Stack size 8 bytes, buttons.o(.text.switch_debouncer))
<BR><BR>[Stack]<UL><LI>Max Depth = 20<LI>Call Chain = switch_debouncer &rArr; Timer4A_Init
</UL>
<BR>[Calls]<UL><LI><a href="#[a3]">&gt;&gt;</a>&nbsp;&nbsp;&nbsp;Timer4A_Stop
<LI><a href="#[8d]">&gt;&gt;</a>&nbsp;&nbsp;&nbsp;Timer4A_Init
</UL>
<BR>[Address Reference Count : 2]<UL><LI> buttons.o(.text.wait_for_fall)
<LI> buttons.o(.text.GPIOPortC_Handler)
</UL>
<P><STRONG><a name="[7a]"></a>wait_for_fall</STRONG> (Thumb, 74 bytes, Stack size 8 bytes, buttons.o(.text.wait_for_fall))
<BR><BR>[Stack]<UL><LI>Max Depth = 20<LI>Call Chain = wait_for_fall &rArr; Timer4A_Init
</UL>
<BR>[Calls]<UL><LI><a href="#[a3]">&gt;&gt;</a>&nbsp;&nbsp;&nbsp;Timer4A_Stop
<LI><a href="#[8d]">&gt;&gt;</a>&nbsp;&nbsp;&nbsp;Timer4A_Init
</UL>
<BR>[Address Reference Count : 1]<UL><LI> buttons.o(.text.switch_debouncer)
</UL>
<P><STRONG><a name="[ad]"></a>__scatterload_copy</STRONG> (Thumb, 14 bytes, Stack size unknown bytes, handlers.o(i.__scatterload_copy), UNUSED)

<P><STRONG><a name="[ae]"></a>__scatterload_null</STRONG> (Thumb, 2 bytes, Stack size unknown bytes, handlers.o(i.__scatterload_null), UNUSED)

<P><STRONG><a name="[af]"></a>__scatterload_zeroinit</STRONG> (Thumb, 14 bytes, Stack size unknown bytes, handlers.o(i.__scatterload_zeroinit), UNUSED)
<P>
<H3>
Local Symbols
</H3>
<P><STRONG><a name="[1]"></a>NMI_Handler</STRONG> (Thumb, 0 bytes, Stack size unknown bytes, startup.o(RESET))
<BR><BR>[Calls]<UL><LI><a href="#[1]">&gt;&gt;</a>&nbsp;&nbsp;&nbsp;NMI_Handler
</UL>
<BR>[Called By]<UL><LI><a href="#[1]">&gt;&gt;</a>&nbsp;&nbsp;&nbsp;NMI_Handler
</UL>
<BR>[Address Reference Count : 1]<UL><LI> startup.o(RESET)
</UL>
<P><STRONG><a name="[96]"></a>commandList</STRONG> (Thumb, 170 bytes, Stack size 16 bytes, st7735.o(.text.commandList))
<BR><BR>[Stack]<UL><LI>Max Depth = 24<LI>Call Chain = commandList &rArr; Delay1ms
</UL>
<BR>[Calls]<UL><LI><a href="#[9c]">&gt;&gt;</a>&nbsp;&nbsp;&nbsp;Delay1ms
<LI><a href="#[93]">&gt;&gt;</a>&nbsp;&nbsp;&nbsp;writedata
<LI><a href="#[97]">&gt;&gt;</a>&nbsp;&nbsp;&nbsp;writecommand
</UL>
<BR>[Called By]<UL><LI><a href="#[95]">&gt;&gt;</a>&nbsp;&nbsp;&nbsp;commonInit
<LI><a href="#[94]">&gt;&gt;</a>&nbsp;&nbsp;&nbsp;ST7735_InitR
</UL>

<P><STRONG><a name="[95]"></a>commonInit</STRONG> (Thumb, 418 bytes, Stack size 48 bytes, st7735.o(.text.commonInit))
<BR><BR>[Stack]<UL><LI>Max Depth = 72<LI>Call Chain = commonInit &rArr; commandList &rArr; Delay1ms
</UL>
<BR>[Calls]<UL><LI><a href="#[9c]">&gt;&gt;</a>&nbsp;&nbsp;&nbsp;Delay1ms
<LI><a href="#[96]">&gt;&gt;</a>&nbsp;&nbsp;&nbsp;commandList
</UL>
<BR>[Called By]<UL><LI><a href="#[94]">&gt;&gt;</a>&nbsp;&nbsp;&nbsp;ST7735_InitR
</UL>

<P><STRONG><a name="[92]"></a>deselect</STRONG> (Thumb, 36 bytes, Stack size 0 bytes, st7735.o(.text.deselect))
<BR><BR>[Called By]<UL><LI><a href="#[8f]">&gt;&gt;</a>&nbsp;&nbsp;&nbsp;ST7735_FillRect
<LI><a href="#[8e]">&gt;&gt;</a>&nbsp;&nbsp;&nbsp;ST7735_DrawPixel
</UL>

<P><STRONG><a name="[91]"></a>pushColor</STRONG> (Thumb, 28 bytes, Stack size 16 bytes, st7735.o(.text.pushColor))
<BR><BR>[Stack]<UL><LI>Max Depth = 20<LI>Call Chain = pushColor &rArr; writedata
</UL>
<BR>[Calls]<UL><LI><a href="#[93]">&gt;&gt;</a>&nbsp;&nbsp;&nbsp;writedata
</UL>
<BR>[Called By]<UL><LI><a href="#[8e]">&gt;&gt;</a>&nbsp;&nbsp;&nbsp;ST7735_DrawPixel
</UL>

<P><STRONG><a name="[90]"></a>setAddrWindow</STRONG> (Thumb, 148 bytes, Stack size 24 bytes, st7735.o(.text.setAddrWindow))
<BR><BR>[Stack]<UL><LI>Max Depth = 28<LI>Call Chain = setAddrWindow &rArr; writedata
</UL>
<BR>[Calls]<UL><LI><a href="#[93]">&gt;&gt;</a>&nbsp;&nbsp;&nbsp;writedata
<LI><a href="#[97]">&gt;&gt;</a>&nbsp;&nbsp;&nbsp;writecommand
</UL>
<BR>[Called By]<UL><LI><a href="#[8f]">&gt;&gt;</a>&nbsp;&nbsp;&nbsp;ST7735_FillRect
<LI><a href="#[8e]">&gt;&gt;</a>&nbsp;&nbsp;&nbsp;ST7735_DrawPixel
</UL>

<P><STRONG><a name="[97]"></a>writecommand</STRONG> (Thumb, 90 bytes, Stack size 4 bytes, st7735.o(.text.writecommand))
<BR><BR>[Stack]<UL><LI>Max Depth = 4<LI>Call Chain = writecommand
</UL>
<BR>[Called By]<UL><LI><a href="#[90]">&gt;&gt;</a>&nbsp;&nbsp;&nbsp;setAddrWindow
<LI><a href="#[96]">&gt;&gt;</a>&nbsp;&nbsp;&nbsp;commandList
<LI><a href="#[94]">&gt;&gt;</a>&nbsp;&nbsp;&nbsp;ST7735_InitR
</UL>

<P><STRONG><a name="[93]"></a>writedata</STRONG> (Thumb, 58 bytes, Stack size 4 bytes, st7735.o(.text.writedata))
<BR><BR>[Stack]<UL><LI>Max Depth = 4<LI>Call Chain = writedata
</UL>
<BR>[Called By]<UL><LI><a href="#[8f]">&gt;&gt;</a>&nbsp;&nbsp;&nbsp;ST7735_FillRect
<LI><a href="#[90]">&gt;&gt;</a>&nbsp;&nbsp;&nbsp;setAddrWindow
<LI><a href="#[91]">&gt;&gt;</a>&nbsp;&nbsp;&nbsp;pushColor
<LI><a href="#[96]">&gt;&gt;</a>&nbsp;&nbsp;&nbsp;commandList
<LI><a href="#[94]">&gt;&gt;</a>&nbsp;&nbsp;&nbsp;ST7735_InitR
</UL>

<P><STRONG><a name="[9a]"></a>setAlternate</STRONG> (Thumb, 80 bytes, Stack size 0 bytes, dmatimer.o(.text.setAlternate))
<BR><BR>[Called By]<UL><LI><a href="#[4a]">&gt;&gt;</a>&nbsp;&nbsp;&nbsp;Timer5A_Handler
</UL>

<P><STRONG><a name="[99]"></a>setRegular</STRONG> (Thumb, 80 bytes, Stack size 0 bytes, dmatimer.o(.text.setRegular))
<BR><BR>[Called By]<UL><LI><a href="#[4a]">&gt;&gt;</a>&nbsp;&nbsp;&nbsp;Timer5A_Handler
</UL>
<P>
<H3>
Undefined Global Symbols
</H3><HR></body></html>
